---
source: pyparser/src/parser/resources/infra/tests.rs
expression: output
---
# Source: secret_basic.py

```python
# Basic secret definitions

from encoredev.config import secret

# Simple secret
api_key = secret("api-key")

# Another secret
db_password = secret("database-password")
```

=== Parsed Secrets ===

Secret: api-key

Secret: database-password
