---
source: pyparser/src/parser/resources/infra/tests.rs
expression: output
---
# Source: sqldb_basic.py

```python
# Basic SQL database definitions

from encoredev.storage.sqldb import SQLDatabase

# Simple database with empty config
users_db = SQLDatabase("users", {})

# Database with migrations path
orders_db = SQLDatabase("orders", {
    "migrations": "./migrations",
})
```

=== Parsed SQLDatabases ===

SQLDatabase: users

SQLDatabase: orders
  migrations_path: ./migrations
